Archive member included to satisfy reference by file (symbol)

/opt/st/stm32cubeide_1.10.1/plugins/com.st.stm32cube.ide.mcu.externaltools.gnu-tools-for-stm32.10.3-2021.10.linux64_1.0.0.202111181127/tools/bin/../lib/gcc/arm-none-eabi/10.3.1/../../../../arm-none-eabi/lib/thumb/v7-m/nofp/libc_nano.a(lib_a-errno.o)
                              ./Core/Src/syscalls.o (__errno)
/opt/st/stm32cubeide_1.10.1/plugins/com.st.stm32cube.ide.mcu.externaltools.gnu-tools-for-stm32.10.3-2021.10.linux64_1.0.0.202111181127/tools/bin/../lib/gcc/arm-none-eabi/10.3.1/../../../../arm-none-eabi/lib/thumb/v7-m/nofp/libc_nano.a(lib_a-exit.o)
                              /opt/st/stm32cubeide_1.10.1/plugins/com.st.stm32cube.ide.mcu.externaltools.gnu-tools-for-stm32.10.3-2021.10.linux64_1.0.0.202111181127/tools/bin/../lib/gcc/arm-none-eabi/10.3.1/../../../../arm-none-eabi/lib/thumb/v7-m/nofp/crt0.o (exit)
/opt/st/stm32cubeide_1.10.1/plugins/com.st.stm32cube.ide.mcu.externaltools.gnu-tools-for-stm32.10.3-2021.10.linux64_1.0.0.202111181127/tools/bin/../lib/gcc/arm-none-eabi/10.3.1/../../../../arm-none-eabi/lib/thumb/v7-m/nofp/libc_nano.a(lib_a-impure.o)
                              /opt/st/stm32cubeide_1.10.1/plugins/com.st.stm32cube.ide.mcu.externaltools.gnu-tools-for-stm32.10.3-2021.10.linux64_1.0.0.202111181127/tools/bin/../lib/gcc/arm-none-eabi/10.3.1/../../../../arm-none-eabi/lib/thumb/v7-m/nofp/libc_nano.a(lib_a-exit.o) (_global_impure_ptr)
/opt/st/stm32cubeide_1.10.1/plugins/com.st.stm32cube.ide.mcu.externaltools.gnu-tools-for-stm32.10.3-2021.10.linux64_1.0.0.202111181127/tools/bin/../lib/gcc/arm-none-eabi/10.3.1/../../../../arm-none-eabi/lib/thumb/v7-m/nofp/libc_nano.a(lib_a-init.o)
                              /opt/st/stm32cubeide_1.10.1/plugins/com.st.stm32cube.ide.mcu.externaltools.gnu-tools-for-stm32.10.3-2021.10.linux64_1.0.0.202111181127/tools/bin/../lib/gcc/arm-none-eabi/10.3.1/../../../../arm-none-eabi/lib/thumb/v7-m/nofp/crt0.o (__libc_init_array)
/opt/st/stm32cubeide_1.10.1/plugins/com.st.stm32cube.ide.mcu.externaltools.gnu-tools-for-stm32.10.3-2021.10.linux64_1.0.0.202111181127/tools/bin/../lib/gcc/arm-none-eabi/10.3.1/../../../../arm-none-eabi/lib/thumb/v7-m/nofp/libc_nano.a(lib_a-memcpy-stub.o)
                              ./Core/Lib/netif/src/apps/netif_mqtt.o (memcpy)
/opt/st/stm32cubeide_1.10.1/plugins/com.st.stm32cube.ide.mcu.externaltools.gnu-tools-for-stm32.10.3-2021.10.linux64_1.0.0.202111181127/tools/bin/../lib/gcc/arm-none-eabi/10.3.1/../../../../arm-none-eabi/lib/thumb/v7-m/nofp/libc_nano.a(lib_a-memset.o)
                              /opt/st/stm32cubeide_1.10.1/plugins/com.st.stm32cube.ide.mcu.externaltools.gnu-tools-for-stm32.10.3-2021.10.linux64_1.0.0.202111181127/tools/bin/../lib/gcc/arm-none-eabi/10.3.1/../../../../arm-none-eabi/lib/thumb/v7-m/nofp/crt0.o (memset)
/opt/st/stm32cubeide_1.10.1/plugins/com.st.stm32cube.ide.mcu.externaltools.gnu-tools-for-stm32.10.3-2021.10.linux64_1.0.0.202111181127/tools/bin/../lib/gcc/arm-none-eabi/10.3.1/../../../../arm-none-eabi/lib/thumb/v7-m/nofp/libc_nano.a(lib_a-snprintf.o)
                              ./Core/Lib/utils/utils_logger.o (snprintf)
/opt/st/stm32cubeide_1.10.1/plugins/com.st.stm32cube.ide.mcu.externaltools.gnu-tools-for-stm32.10.3-2021.10.linux64_1.0.0.202111181127/tools/bin/../lib/gcc/arm-none-eabi/10.3.1/../../../../arm-none-eabi/lib/thumb/v7-m/nofp/libc_nano.a(lib_a-sprintf.o)
                              ./Core/Lib/netif/src/apps/netif_http.o (sprintf)
/opt/st/stm32cubeide_1.10.1/plugins/com.st.stm32cube.ide.mcu.externaltools.gnu-tools-for-stm32.10.3-2021.10.linux64_1.0.0.202111181127/tools/bin/../lib/gcc/arm-none-eabi/10.3.1/../../../../arm-none-eabi/lib/thumb/v7-m/nofp/libc_nano.a(lib_a-strlen.o)
                              ./Core/Lib/netif/src/apps/netif_http.o (strlen)
/opt/st/stm32cubeide_1.10.1/plugins/com.st.stm32cube.ide.mcu.externaltools.gnu-tools-for-stm32.10.3-2021.10.linux64_1.0.0.202111181127/tools/bin/../lib/gcc/arm-none-eabi/10.3.1/../../../../arm-none-eabi/lib/thumb/v7-m/nofp/libc_nano.a(lib_a-strnstr.o)
                              ./Core/Lib/netif/src/manager/netif_4g.o (strnstr)
/opt/st/stm32cubeide_1.10.1/plugins/com.st.stm32cube.ide.mcu.externaltools.gnu-tools-for-stm32.10.3-2021.10.linux64_1.0.0.202111181127/tools/bin/../lib/gcc/arm-none-eabi/10.3.1/../../../../arm-none-eabi/lib/thumb/v7-m/nofp/libc_nano.a(lib_a-vsnprintf.o)
                              ./Core/Lib/utils/utils_logger.o (vsnprintf)
/opt/st/stm32cubeide_1.10.1/plugins/com.st.stm32cube.ide.mcu.externaltools.gnu-tools-for-stm32.10.3-2021.10.linux64_1.0.0.202111181127/tools/bin/../lib/gcc/arm-none-eabi/10.3.1/../../../../arm-none-eabi/lib/thumb/v7-m/nofp/libc_nano.a(lib_a-memchr-stub.o)
[...]
Memory Configuration

Name             Origin             Length             Attributes
RAM              0x0000000020000000 0x000000000000c000 xrw
FLASH            0x0000000008000000 0x0000000000040000 xr
*default*        0x0000000000000000 0xffffffffffffffff

Linker script and memory map

LOAD /opt/st/stm32cubeide_1.10.1/plugins/com.st.stm32cube.ide.mcu.externaltools.gnu-tools-for-stm32.10.3-2021.10.linux64_1.0.0.202111181127/tools/bin/../lib/gcc/arm-none-eabi/10.3.1/thumb/v7-m/nofp/crti.o
LOAD /opt/st/stm32cubeide_1.10.1/plugins/com.st.stm32cube.ide.mcu.externaltools.gnu-tools-for-stm32.10.3-2021.10.linux64_1.0.0.202111181127/tools/bin/../lib/gcc/arm-none-eabi/10.3.1/thumb/v7-m/nofp/crtbegin.o
LOAD /opt/st/stm32cubeide_1.10.1/plugins/com.st.stm32cube.ide.mcu.externaltools.gnu-tools-for-stm32.10.3-2021.10.linux64_1.0.0.202111181127/tools/bin/../lib/gcc/arm-none-eabi/10.3.1/../../../../arm-none-eabi/lib/thumb/v7-m/nofp/crt0.o
LOAD ./Core/Lib/netif/example/http/delete.o
LOAD ./Core/Lib/netif/example/http/get.o
LOAD ./Core/Lib/netif/example/http/post.o
LOAD ./Core/Lib/netif/example/http/put.o
LOAD ./Core/Lib/netif/example/mqtt/publish.o
LOAD ./Core/Lib/netif/example/mqtt/subcribe.o
LOAD ./Core/Lib/netif/src/apps/netif_http.o
LOAD ./Core/Lib/netif/src/apps/netif_mqtt.o
LOAD ./Core/Lib/netif/src/core/atcmd/netif_atcmd.o
LOAD ./Core/Lib/netif/src/core/atcmd/netif_atcmd_4g.o
LOAD ./Core/Lib/netif/src/core/atcmd/netif_atcmd_ethernet.o
LOAD ./Core/Lib/netif/src/core/atcmd/netif_atcmd_http.o
LOAD ./Core/Lib/netif/src/core/atcmd/netif_atcmd_mqtt.o
LOAD ./Core/Lib/netif/src/core/atcmd/netif_atcmd_wifi.o
LOAD ./Core/Lib/netif/src/core/netif_core.o
LOAD ./Core/Lib/netif/src/manager/netif_4g.o
LOAD ./Core/Lib/netif/src/manager/netif_ethernet.o
LOAD ./Core/Lib/netif/src/manager/netif_manager.o
LOAD ./Core/Lib/netif/src/manager/netif_wifi.o
LOAD ./Core/Lib/netif/src/netif.o
LOAD ./Core/Lib/utils/utils_buffer.o
LOAD ./Core/Lib/utils/utils_logger.o
LOAD ./Core/Lib/utils/utils_string.o
LOAD ./Core/Src/App/http.o
LOAD ./Core/Src/App/mqtt.o
LOAD ./Core/Src/App/statemachine.o
LOAD ./Core/Src/Device/bill_acceptor.o
LOAD ./Core/Src/Device/eeprom.o
LOAD ./Core/Src/Device/keypad.o
LOAD ./Core/Src/Device/lcd.o
LOAD ./Core/Src/Device/tcd.o
LOAD ./Core/Src/Hal/clock.o
LOAD ./Core/Src/Hal/gpio.o
LOAD ./Core/Src/Hal/i2c.o
LOAD ./Core/Src/Hal/uart.o
LOAD ./Core/Src/main.o
LOAD ./Core/Src/stm32f1xx_hal_msp.o
LOAD ./Core/Src/stm32f1xx_it.o
LOAD ./Core/Src/syscalls.o
LOAD ./Core/Src/sysmem.o
LOAD ./Core/Src/system_stm32f1xx.o
LOAD ./Core/Startup/startup_stm32f103vctx.o
LOAD ./Drivers/STM32F1xx_HAL_Driver/Src/stm32f1xx_hal.o
LOAD ./Drivers/STM32F1xx_HAL_Driver/Src/stm32f1xx_hal_cortex.o
LOAD ./Drivers/STM32F1xx_HAL_Driver/Src/stm32f1xx_hal_dma.o
LOAD ./Drivers/STM32F1xx_HAL_Driver/Src/stm32f1xx_hal_exti.o
LOAD ./Drivers/STM32F1xx_HAL_Driver/Src/stm32f1xx_hal_flash.o
LOAD ./Drivers/STM32F1xx_HAL_Driver/Src/stm32f1xx_hal_flash_ex.o
LOAD ./Drivers/STM32F1xx_HAL_Driver/Src/stm32f1xx_hal_gpio.o
LOAD ./Drivers/STM32F1xx_HAL_Driver/Src/stm32f1xx_hal_gpio_ex.o
LOAD ./Drivers/STM32F1xx_HAL_Driver/Src/stm32f1xx_hal_i2c.o
LOAD ./Drivers/STM32F1xx_HAL_Driver/Src/stm32f1xx_hal_pwr.o
LOAD ./Drivers/STM32F1xx_HAL_Driver/Src/stm32f1xx_hal_rcc.o
LOAD ./Drivers/STM32F1xx_HAL_Driver/Src/stm32f1xx_hal_rcc_ex.o
LOAD ./Drivers/STM32F1xx_HAL_Driver/Src/stm32f1xx_hal_uart.o
START GROUP
LOAD /opt/st/stm32cubeide_1.10.1/plugins/com.st.stm32cube.ide.mcu.externaltools.gnu-tools-for-stm32.10.3-2021.10.linux64_1.0.0.202111181127/tools/bin/../lib/gcc/arm-none-eabi/10.3.1/../../../../arm-none-eabi/lib/thumb/v7-m/nofp/libc_nano.a
LOAD /opt/st/stm32cubeide_1.10.1/plugins/com.st.stm32cube.ide.mcu.externaltools.gnu-tools-for-stm32.10.3-2021.10.linux64_1.0.0.202111181127/tools/bin/../lib/gcc/arm-none-eabi/10.3.1/../../../../arm-none-eabi/lib/thumb/v7-m/nofp/libm.a
END GROUP
START GROUP
LOAD /opt/st/stm32cubeide_1.10.1/plugins/com.st.stm32cube.ide.mcu.externaltools.gnu-tools-for-stm32.10.3-2021.10.linux64_1.0.0.202111181127/tools/bin/../lib/gcc/arm-none-eabi/10.3.1/thumb/v7-m/nofp/libgcc.a
LOAD /opt/st/stm32cubeide_1.10.1/plugins/com.st.stm32cube.ide.mcu.externaltools.gnu-tools-for-stm32.10.3-2021.10.linux64_1.0.0.202111181127/tools/bin/../lib/gcc/arm-none-eabi/10.3.1/../../../../arm-none-eabi/lib/thumb/v7-m/nofp/libc_nano.a
END GROUP
START GROUP
LOAD /opt/st/stm32cubeide_1.10.1/plugins/com.st.stm32cube.ide.mcu.externaltools.gnu-tools-for-stm32.10.3-2021.10.linux64_1.0.0.202111181127/tools/bin/../lib/gcc/arm-none-eabi/10.3.1/thumb/v7-m/nofp/libgcc.a
LOAD /opt/st/stm32cubeide_1.10.1/plugins/com.st.stm32cube.ide.mcu.externaltools.gnu-tools-for-stm32.10.3-2021.10.linux64_1.0.0.202111181127/tools/bin/../lib/gcc/arm-none-eabi/10.3.1/../../../../arm-none-eabi/lib/thumb/v7-m/nofp/libc_nano.a
LOAD /opt/st/stm32cubeide_1.10.1/plugins/com.st.stm32cube.ide.mcu.externaltools.gnu-tools-for-stm32.10.3-2021.10.linux64_1.0.0.202111181127/tools/bin/../lib/gcc/arm-none-eabi/10.3.1/../../../../arm-none-eabi/lib/thumb/v7-m/nofp/libnosys.a
END GROUP
START GROUP
LOAD /opt/st/stm32cubeide_1.10.1/plugins/com.st.stm32cube.ide.mcu.externaltools.gnu-tools-for-stm32.10.3-2021.10.linux64_1.0.0.202111181127/tools/bin/../lib/gcc/arm-none-eabi/10.3.1/thumb/v7-m/nofp/libgcc.a
LOAD /opt/st/stm32cubeide_1.10.1/plugins/com.st.stm32cube.ide.mcu.externaltools.gnu-tools-for-stm32.10.3-2021.10.linux64_1.0.0.202111181127/tools/bin/../lib/gcc/arm-none-eabi/10.3.1/../../../../arm-none-eabi/lib/thumb/v7-m/nofp/libc_nano.a
LOAD /opt/st/stm32cubeide_1.10.1/plugins/com.st.stm32cube.ide.mcu.externaltools.gnu-tools-for-stm32.10.3-2021.10.linux64_1.0.0.202111181127/tools/bin/../lib/gcc/arm-none-eabi/10.3.1/../../../../arm-none-eabi/lib/thumb/v7-m/nofp/libnosys.a
END GROUP
LOAD /opt/st/stm32cubeide_1.10.1/plugins/com.st.stm32cube.ide.mcu.externaltools.gnu-tools-for-stm32.10.3-2021.10.linux64_1.0.0.202111181127/tools/bin/../lib/gcc/arm-none-eabi/10.3.1/thumb/v7-m/nofp/crtend.o
LOAD /opt/st/stm32cubeide_1.10.1/plugins/com.st.stm32cube.ide.mcu.externaltools.gnu-tools-for-stm32.10.3-2021.10.linux64_1.0.0.202111181127/tools/bin/../lib/gcc/arm-none-eabi/10.3.1/thumb/v7-m/nofp/crtn.o
                0x000000002000c000                _estack = (ORIGIN (RAM) + LENGTH (RAM))
                0x0000000000000200                _Min_Heap_Size = 0x200
                0x0000000000000400                _Min_Stack_Size = 0x400

.isr_vector     0x0000000008000000      0x1e4
                0x0000000008000000                . = ALIGN (0x4)
 *(.isr_vector)
 .isr_vector    0x0000000008000000      0x1e4 ./Core/Startup/startup_stm32f103vctx.o
                0x0000000008000000                g_pfnVectors
                0x00000000080001e4                . = ALIGN (0x4)

.text           0x00000000080001e4     0x25a0
                0x00000000080001e4                . = ALIGN (0x4)
 *(.text)
 .text          0x00000000080001e4       0x40 /opt/st/stm32cubeide_1.10.1/plugins/com.st.stm32cube.ide.mcu.externaltools.gnu-tools-for-stm32.10.3-2021.10.linux64_1.0.0.202111181127/tools/bin/../lib/gcc/arm-none-eabi/10.3.1/thumb/v7-m/nofp/crtbegin.o
 *(.text*)
 .text.utils_buffer_init
                0x0000000008000224       0x40 ./Core/Lib/utils/utils_buffer.o
                0x0000000008000224                utils_buffer_init
 .text.BILLACCEPTOR_init
                0x0000000008000264        0xe ./Core/Src/Device/bill_acceptor.o
                0x0000000008000264                BILLACCEPTOR_init
 .text.EEPROM_init
                0x0000000008000272        0xe ./Core/Src/Device/eeprom.o
                0x0000000008000272                EEPROM_init
 .text.KEYPAD_init
                0x0000000008000280       0x54 ./Core/Src/Device/keypad.o
                0x0000000008000280                KEYPAD_init
 .text.LCD_init
                0x00000000080002d4       0x54 ./Core/Src/Device/lcd.o
                0x00000000080002d4                LCD_init
 .text.TCD_init
                0x0000000008000328       0x54 ./Core/Src/Device/tcd.o
                0x0000000008000328                TCD_init
 .text.CLOCK_init
                0x000000000800037c       0x84 ./Core/Src/Hal/clock.o
                0x000000000800037c                CLOCK_init
 .text.GPIO_init
                0x0000000008000400       0x90 ./Core/Src/Hal/gpio.o
                0x0000000008000400                GPIO_init
 .text.I2C_init
                0x0000000008000490       0x5c ./Core/Src/Hal/i2c.o
                0x0000000008000490                I2C_init
 .text.UART_init
                0x00000000080004ec      0x100 ./Core/Src/Hal/uart.o
                0x00000000080004ec                UART_init
 .text.main     0x00000000080005ec       0x2e ./Core/Src/main.o
                0x00000000080005ec                main
 .text.Error_Handler
                0x000000000800061a        0xa ./Core/Src/main.o
                0x000000000800061a                Error_Handler
 .text.HAL_MspInit
                0x0000000008000624       0x44 ./Core/Src/stm32f1xx_hal_msp.o
                0x0000000008000624                HAL_MspInit
 .text.HAL_I2C_MspInit
                0x0000000008000668       0x7c ./Core/Src/stm32f1xx_hal_msp.o
                0x0000000008000668                HAL_I2C_MspInit
 .text.HAL_UART_MspInit
                0x00000000080006e4      0x1b4 ./Core/Src/stm32f1xx_hal_msp.o
                0x00000000080006e4                HAL_UART_MspInit
 .text.NMI_Handler
                0x0000000008000898        0x6 ./Core/Src/stm32f1xx_it.o
                0x0000000008000898                NMI_Handler
 .text.HardFault_Handler
                0x000000000800089e        0x6 ./Core/Src/stm32f1xx_it.o
                0x000000000800089e                HardFault_Handler
 .text.MemManage_Handler
                0x00000000080008a4        0x6 ./Core/Src/stm32f1xx_it.o
                0x00000000080008a4                MemManage_Handler
 .text.BusFault_Handler
                0x00000000080008aa        0x6 ./Core/Src/stm32f1xx_it.o
                0x00000000080008aa                BusFault_Handler
 .text.UsageFault_Handler
                0x00000000080008b0        0x6 ./Core/Src/stm32f1xx_it.o
                0x00000000080008b0                UsageFault_Handler
 .text.SVC_Handler
                0x00000000080008b6        0xc ./Core/Src/stm32f1xx_it.o
                0x00000000080008b6                SVC_Handler
 .text.DebugMon_Handler
                0x00000000080008c2        0xc ./Core/Src/stm32f1xx_it.o
                0x00000000080008c2                DebugMon_Handler
 .text.PendSV_Handler
                0x00000000080008ce        0xc ./Core/Src/stm32f1xx_it.o
                0x00000000080008ce                PendSV_Handler
 .text.SysTick_Handler
                0x00000000080008da        0xc ./Core/Src/stm32f1xx_it.o
                0x00000000080008da                SysTick_Handler
 *fill*         0x00000000080008e6        0x2 
 .text.USART2_IRQHandler
                0x00000000080008e8       0x14 ./Core/Src/stm32f1xx_it.o
                0x00000000080008e8                USART2_IRQHandler
 .text.USART3_IRQHandler
                0x00000000080008fc       0x14 ./Core/Src/stm32f1xx_it.o
                0x00000000080008fc                USART3_IRQHandler
 .text.UART4_IRQHandler
                0x0000000008000910       0x14 ./Core/Src/stm32f1xx_it.o
                0x0000000008000910                UART4_IRQHandler
 .text.SystemInit
                0x0000000008000924        0xc ./Core/Src/system_stm32f1xx.o
                0x0000000008000924                SystemInit
 .text.Reset_Handler
                0x0000000008000930       0x48 ./Core/Startup/startup_stm32f103vctx.o
                0x0000000008000930                Reset_Handler
 .text.Default_Handler
                0x0000000008000978        0x2 ./Core/Startup/startup_stm32f103vctx.o
                0x0000000008000978                RTC_Alarm_IRQHandler
                0x0000000008000978                EXTI2_IRQHandler
                0x0000000008000978                TIM8_TRG_COM_IRQHandler
                0x0000000008000978                TIM8_CC_IRQHandler
                0x0000000008000978                TIM1_CC_IRQHandler
                0x0000000008000978                TIM6_IRQHandler
                0x0000000008000978                PVD_IRQHandler
                0x0000000008000978                SDIO_IRQHandler
                0x0000000008000978                EXTI3_IRQHandler
                0x0000000008000978                EXTI0_IRQHandler
                0x0000000008000978                I2C2_EV_IRQHandler
                0x0000000008000978                ADC1_2_IRQHandler
                0x0000000008000978                SPI1_IRQHandler
                0x0000000008000978                TAMPER_IRQHandler
                0x0000000008000978                TIM8_UP_IRQHandler
                0x0000000008000978                DMA2_Channel2_IRQHandler
                0x0000000008000978                DMA1_Channel4_IRQHandler
                0x0000000008000978                RTC_IRQHandler
                0x0000000008000978                DMA1_Channel7_IRQHandler
                0x0000000008000978                CAN1_RX1_IRQHandler
                0x0000000008000978                UART5_IRQHandler
                0x0000000008000978                ADC3_IRQHandler
                0x0000000008000978                TIM4_IRQHandler
                0x0000000008000978                DMA2_Channel1_IRQHandler
                0x0000000008000978                I2C1_EV_IRQHandler
                0x0000000008000978                DMA1_Channel6_IRQHandler
                0x0000000008000978                TIM3_IRQHandler
                0x0000000008000978                RCC_IRQHandler
                0x0000000008000978                TIM1_TRG_COM_IRQHandler
                0x0000000008000978                DMA1_Channel1_IRQHandler
                0x0000000008000978                Default_Handler
                0x0000000008000978                EXTI15_10_IRQHandler
                0x0000000008000978                TIM7_IRQHandler
                0x0000000008000978                TIM5_IRQHandler
                0x0000000008000978                EXTI9_5_IRQHandler
                0x0000000008000978                SPI2_IRQHandler
                0x0000000008000978                DMA1_Channel5_IRQHandler
                0x0000000008000978                EXTI4_IRQHandler
                0x0000000008000978                USB_LP_CAN1_RX0_IRQHandler
                0x0000000008000978                USB_HP_CAN1_TX_IRQHandler
                0x0000000008000978                DMA1_Channel3_IRQHandler
                0x0000000008000978                FSMC_IRQHandler
                0x0000000008000978                TIM1_UP_IRQHandler
                0x0000000008000978                WWDG_IRQHandler
                0x0000000008000978                TIM2_IRQHandler
                0x0000000008000978                TIM1_BRK_IRQHandler
                0x0000000008000978                EXTI1_IRQHandler
                0x0000000008000978                DMA2_Channel4_5_IRQHandler
                0x0000000008000978                I2C2_ER_IRQHandler
                0x0000000008000978                DMA1_Channel2_IRQHandler
                0x0000000008000978                TIM8_BRK_IRQHandler
                0x0000000008000978                CAN1_SCE_IRQHandler
                0x0000000008000978                FLASH_IRQHandler
                0x0000000008000978                USART1_IRQHandler
                0x0000000008000978                SPI3_IRQHandler
                0x0000000008000978                I2C1_ER_IRQHandler
                0x0000000008000978                USBWakeUp_IRQHandler
                0x0000000008000978                DMA2_Channel3_IRQHandler
 *fill*         0x000000000800097a        0x2 
 .text.HAL_Init
                0x000000000800097c       0x2c ./Drivers/STM32F1xx_HAL_Driver/Src/stm32f1xx_hal.o
                0x000000000800097c                HAL_Init
 .text.HAL_InitTick
                0x00000000080009a8       0x60 ./Drivers/STM32F1xx_HAL_Driver/Src/stm32f1xx_hal.o
                0x00000000080009a8                HAL_InitTick
 .text.HAL_IncTick
                0x0000000008000a08       0x24 ./Drivers/STM32F1xx_HAL_Driver/Src/stm32f1xx_hal.o
                0x0000000008000a08                HAL_IncTick
 .text.HAL_GetTick
                0x0000000008000a2c       0x14 ./Drivers/STM32F1xx_HAL_Driver/Src/stm32f1xx_hal.o
                0x0000000008000a2c                HAL_GetTick
 .text.__NVIC_SetPriorityGrouping
                0x0000000008000a40       0x48 ./Drivers/STM32F1xx_HAL_Driver/Src/stm32f1xx_hal_cortex.o
 .text.__NVIC_GetPriorityGrouping
                0x0000000008000a88       0x1c ./Drivers/STM32F1xx_HAL_Driver/Src/stm32f1xx_hal_cortex.o
 .text.__NVIC_EnableIRQ
                0x0000000008000aa4       0x38 ./Drivers/STM32F1xx_HAL_Driver/Src/stm32f1xx_hal_cortex.o
 .text.__NVIC_SetPriority
                0x0000000008000adc       0x54 ./Drivers/STM32F1xx_HAL_Driver/Src/stm32f1xx_hal_cortex.o
 .text.NVIC_EncodePriority
                0x0000000008000b30       0x64 ./Drivers/STM32F1xx_HAL_Driver/Src/stm32f1xx_hal_cortex.o
 .text.SysTick_Config
                0x0000000008000b94       0x44 ./Drivers/STM32F1xx_HAL_Driver/Src/stm32f1xx_hal_cortex.o
 .text.HAL_NVIC_SetPriorityGrouping
                0x0000000008000bd8       0x16 ./Drivers/STM32F1xx_HAL_Driver/Src/stm32f1xx_hal_cortex.o
                0x0000000008000bd8                HAL_NVIC_SetPriorityGrouping
 .text.HAL_NVIC_SetPriority
                0x0000000008000bee       0x38 ./Drivers/STM32F1xx_HAL_Driver/Src/stm32f1xx_hal_cortex.o
                0x0000000008000bee                HAL_NVIC_SetPriority
 .text.HAL_NVIC_EnableIRQ
                0x0000000008000c26       0x1c ./Drivers/STM32F1xx_HAL_Driver/Src/stm32f1xx_hal_cortex.o
                0x0000000008000c26                HAL_NVIC_EnableIRQ
 .text.HAL_SYSTICK_Config
                0x0000000008000c42       0x18 ./Drivers/STM32F1xx_HAL_Driver/Src/stm32f1xx_hal_cortex.o
                0x0000000008000c42                HAL_SYSTICK_Config
 .text.HAL_DMA_Abort
                0x0000000008000c5a       0x76 ./Drivers/STM32F1xx_HAL_Driver/Src/stm32f1xx_hal_dma.o
                0x0000000008000c5a                HAL_DMA_Abort
 .text.HAL_DMA_Abort_IT
                0x0000000008000cd0      0x210 ./Drivers/STM32F1xx_HAL_Driver/Src/stm32f1xx_hal_dma.o
                0x0000000008000cd0                HAL_DMA_Abort_IT
 .text.HAL_GPIO_Init
                0x0000000008000ee0      0x328 ./Drivers/STM32F1xx_HAL_Driver/Src/stm32f1xx_hal_gpio.o
                0x0000000008000ee0                HAL_GPIO_Init
 .text.HAL_I2C_Init
                0x0000000008001208      0x288 ./Drivers/STM32F1xx_HAL_Driver/Src/stm32f1xx_hal_i2c.o
                0x0000000008001208                HAL_I2C_Init
 .text.HAL_RCC_OscConfig
                0x0000000008001490      0x504 ./Drivers/STM32F1xx_HAL_Driver/Src/stm32f1xx_hal_rcc.o
                0x0000000008001490                HAL_RCC_OscConfig
 .text.HAL_RCC_ClockConfig
                0x0000000008001994      0x1d4 ./Drivers/STM32F1xx_HAL_Driver/Src/stm32f1xx_hal_rcc.o
                0x0000000008001994                HAL_RCC_ClockConfig
 .text.HAL_RCC_GetSysClockFreq
                0x0000000008001b68       0xa8 ./Drivers/STM32F1xx_HAL_Driver/Src/stm32f1xx_hal_rcc.o
                0x0000000008001b68                HAL_RCC_GetSysClockFreq
 .text.HAL_RCC_GetHCLKFreq
                0x0000000008001c10       0x14 ./Drivers/STM32F1xx_HAL_Driver/Src/stm32f1xx_hal_rcc.o
                0x0000000008001c10                HAL_RCC_GetHCLKFreq
 .text.HAL_RCC_GetPCLK1Freq
                0x0000000008001c24       0x28 ./Drivers/STM32F1xx_HAL_Driver/Src/stm32f1xx_hal_rcc.o
                0x0000000008001c24                HAL_RCC_GetPCLK1Freq
 .text.HAL_RCC_GetPCLK2Freq
                0x0000000008001c4c       0x28 ./Drivers/STM32F1xx_HAL_Driver/Src/stm32f1xx_hal_rcc.o
                0x0000000008001c4c                HAL_RCC_GetPCLK2Freq
 .text.RCC_Delay
                0x0000000008001c74       0x3c ./Drivers/STM32F1xx_HAL_Driver/Src/stm32f1xx_hal_rcc.o
 .text.HAL_UART_Init
                0x0000000008001cb0       0xa0 ./Drivers/STM32F1xx_HAL_Driver/Src/stm32f1xx_hal_uart.o
                0x0000000008001cb0                HAL_UART_Init
 .text.HAL_UART_IRQHandler
                0x0000000008001d50      0x524 ./Drivers/STM32F1xx_HAL_Driver/Src/stm32f1xx_hal_uart.o
                0x0000000008001d50                HAL_UART_IRQHandler
 .text.HAL_UART_TxCpltCallback
                0x0000000008002274       0x12 ./Drivers/STM32F1xx_HAL_Driver/Src/stm32f1xx_hal_uart.o
                0x0000000008002274                HAL_UART_TxCpltCallback
 .text.HAL_UART_RxCpltCallback
                0x0000000008002286       0x12 ./Drivers/STM32F1xx_HAL_Driver/Src/stm32f1xx_hal_uart.o
                0x0000000008002286                HAL_UART_RxCpltCallback
 .text.HAL_UART_ErrorCallback
                0x0000000008002298       0x12 ./Drivers/STM32F1xx_HAL_Driver/Src/stm32f1xx_hal_uart.o
                0x0000000008002298                HAL_UART_ErrorCallback
 .text.HAL_UARTEx_RxEventCallback
                0x00000000080022aa       0x16 ./Drivers/STM32F1xx_HAL_Driver/Src/stm32f1xx_hal_uart.o
                0x00000000080022aa                HAL_UARTEx_RxEventCallback
 .text.UART_EndRxTransfer
                0x00000000080022c0       0xc4 ./Drivers/STM32F1xx_HAL_Driver/Src/stm32f1xx_hal_uart.o
 .text.UART_DMAAbortOnError
                0x0000000008002384       0x28 ./Drivers/STM32F1xx_HAL_Driver/Src/stm32f1xx_hal_uart.o
 .text.UART_Transmit_IT
                0x00000000080023ac       0x9e ./Drivers/STM32F1xx_HAL_Driver/Src/stm32f1xx_hal_uart.o
 .text.UART_EndTransmit_IT
                0x000000000800244a       0x30 ./Drivers/STM32F1xx_HAL_Driver/Src/stm32f1xx_hal_uart.o
 .text.UART_Receive_IT
                0x000000000800247a      0x17c ./Drivers/STM32F1xx_HAL_Driver/Src/stm32f1xx_hal_uart.o
 *fill*         0x00000000080025f6        0x2 
 .text.UART_SetConfig
                0x00000000080025f8      0x11c ./Drivers/STM32F1xx_HAL_Driver/Src/stm32f1xx_hal_uart.o
 .text.__libc_init_array
                0x0000000008002714       0x48 /opt/st/stm32cubeide_1.10.1/plugins/com.st.stm32cube.ide.mcu.externaltools.gnu-tools-for-stm32.10.3-2021.10.linux64_1.0.0.202111181127/tools/bin/../lib/gcc/arm-none-eabi/10.3.1/../../../../arm-none-eabi/lib/thumb/v7-m/nofp/libc_nano.a(lib_a-init.o)
                0x0000000008002714                __libc_init_array
 .text.memset   0x000000000800275c       0x10 /opt/st/stm32cubeide_1.10.1/plugins/com.st.stm32cube.ide.mcu.externaltools.gnu-tools-for-stm32.10.3-2021.10.linux64_1.0.0.202111181127/tools/bin/../lib/gcc/arm-none-eabi/10.3.1/../../../../arm-none-eabi/lib/thumb/v7-m/nofp/libc_nano.a(lib_a-memset.o)
                0x000000000800275c                memset
 *(.glue_7)
 .glue_7        0x000000000800276c        0x0 linker stubs
 *(.glue_7t)
 .glue_7t       0x000000000800276c        0x0 linker stubs
 *(.eh_frame)
 .eh_frame      0x000000000800276c        0x0 /opt/st/stm32cubeide_1.10.1/plugins/com.st.stm32cube.ide.mcu.externaltools.gnu-tools-for-stm32.10.3-2021.10.linux64_1.0.0.202111181127/tools/bin/../lib/gcc/arm-none-eabi/10.3.1/thumb/v7-m/nofp/crtbegin.o
 *(.init)
 .init          0x000000000800276c        0x4 /opt/st/stm32cubeide_1.10.1/plugins/com.st.stm32cube.ide.mcu.externaltools.gnu-tools-for-stm32.10.3-2021.10.linux64_1.0.0.202111181127/tools/bin/../lib/gcc/arm-none-eabi/10.3.1/thumb/v7-m/nofp/crti.o
                0x000000000800276c                _init
 .init          0x0000000008002770        0x8 /opt/st/stm32cubeide_1.10.1/plugins/com.st.stm32cube.ide.mcu.externaltools.gnu-tools-for-stm32.10.3-2021.10.linux64_1.0.0.202111181127/tools/bin/../lib/gcc/arm-none-eabi/10.3.1/thumb/v7-m/nofp/crtn.o
 *(.fini)
 .fini          0x0000000008002778        0x4 /opt/st/stm32cubeide_1.10.1/plugins/com.st.stm32cube.ide.mcu.externaltools.gnu-tools-for-stm32.10.3-2021.10.linux64_1.0.0.202111181127/tools/bin/../lib/gcc/arm-none-eabi/10.3.1/thumb/v7-m/nofp/crti.o
                0x0000000008002778                _fini
 .fini          0x000000000800277c        0x8 /opt/st/stm32cubeide_1.10.1/plugins/com.st.stm32cube.ide.mcu.externaltools.gnu-tools-for-stm32.10.3-2021.10.linux64_1.0.0.202111181127/tools/bin/../lib/gcc/arm-none-eabi/10.3.1/thumb/v7-m/nofp/crtn.o
                0x0000000008002784                . = ALIGN (0x4)
                0x0000000008002784                _etext = .

.vfp11_veneer   0x0000000008002784        0x0
 .vfp11_veneer  0x0000000008002784        0x0 linker stubs

.v4_bx          0x0000000008002784        0x0
 .v4_bx         0x0000000008002784        0x0 linker stubs

.iplt           0x0000000008002784        0x0
 .iplt          0x0000000008002784        0x0 /opt/st/stm32cubeide_1.10.1/plugins/com.st.stm32cube.ide.mcu.externaltools.gnu-tools-for-stm32.10.3-2021.10.linux64_1.0.0.202111181127/tools/bin/../lib/gcc/arm-none-eabi/10.3.1/thumb/v7-m/nofp/crtbegin.o

.rodata         0x0000000008002784       0x2c
                0x0000000008002784                . = ALIGN (0x4)
 *(.rodata)
 *(.rodata*)
 .rodata.AHBPrescTable
                0x0000000008002784       0x10 ./Core/Src/system_stm32f1xx.o
                0x0000000008002784                AHBPrescTable
 .rodata.APBPrescTable
                0x0000000008002794        0x8 ./Core/Src/system_stm32f1xx.o
                0x0000000008002794                APBPrescTable
 .rodata.aPLLMULFactorTable.1
                0x000000000800279c       0x10 ./Drivers/STM32F1xx_HAL_Driver/Src/stm32f1xx_hal_rcc.o
 .rodata.aPredivFactorTable.0
                0x00000000080027ac        0x2 ./Drivers/STM32F1xx_HAL_Driver/Src/stm32f1xx_hal_rcc.o
                0x00000000080027b0                . = ALIGN (0x4)
 *fill*         0x00000000080027ae        0x2 

.rel.dyn        0x00000000080027b0        0x0
 .rel.iplt      0x00000000080027b0        0x0 /opt/st/stm32cubeide_1.10.1/plugins/com.st.stm32cube.ide.mcu.externaltools.gnu-tools-for-stm32.10.3-2021.10.linux64_1.0.0.202111181127/tools/bin/../lib/gcc/arm-none-eabi/10.3.1/thumb/v7-m/nofp/crtbegin.o

.ARM.extab      0x00000000080027b0        0x0
                0x00000000080027b0                . = ALIGN (0x4)
 *(.ARM.extab* .gnu.linkonce.armextab.*)
                0x00000000080027b0                . = ALIGN (0x4)

.ARM            0x00000000080027b0        0x0
                0x00000000080027b0                . = ALIGN (0x4)
                0x00000000080027b0                __exidx_start = .
 *(.ARM.exidx*)
                0x00000000080027b0                __exidx_end = .
                0x00000000080027b0                . = ALIGN (0x4)

.preinit_array  0x00000000080027b0        0x0
                0x00000000080027b0                . = ALIGN (0x4)
                0x00000000080027b0                PROVIDE (__preinit_array_start = .)
 *(.preinit_array*)
                0x00000000080027b0                PROVIDE (__preinit_array_end = .)
                0x00000000080027b0                . = ALIGN (0x4)

.init_array     0x00000000080027b0        0x4
                0x00000000080027b0                . = ALIGN (0x4)
                0x00000000080027b0                PROVIDE (__init_array_start = .)
 *(SORT_BY_NAME(.init_array.*))
 *(.init_array*)
 .init_array    0x00000000080027b0        0x4 /opt/st/stm32cubeide_1.10.1/plugins/com.st.stm32cube.ide.mcu.externaltools.gnu-tools-for-stm32.10.3-2021.10.linux64_1.0.0.202111181127/tools/bin/../lib/gcc/arm-none-eabi/10.3.1/thumb/v7-m/nofp/crtbegin.o
                0x00000000080027b4                PROVIDE (__init_array_end = .)
                0x00000000080027b4                . = ALIGN (0x4)

.fini_array     0x00000000080027b4        0x4
                0x00000000080027b4                . = ALIGN (0x4)
                [!provide]                        PROVIDE (__fini_array_start = .)
 *(SORT_BY_NAME(.fini_array.*))
 *(.fini_array*)
 .fini_array    0x00000000080027b4        0x4 /opt/st/stm32cubeide_1.10.1/plugins/com.st.stm32cube.ide.mcu.externaltools.gnu-tools-for-stm32.10.3-2021.10.linux64_1.0.0.202111181127/tools/bin/../lib/gcc/arm-none-eabi/10.3.1/thumb/v7-m/nofp/crtbegin.o
                [!provide]                        PROVIDE (__fini_array_end = .)
                0x00000000080027b8                . = ALIGN (0x4)
                0x00000000080027b8                _sidata = LOADADDR (.data)

.data           0x0000000020000000      0x378 load address 0x00000000080027b8
                0x0000000020000000                . = ALIGN (0x4)
                0x0000000020000000                _sdata = .
 *(.data)
 *(.data*)
 .data.gpio_table
                0x0000000020000000       0xa0 ./Core/Src/Device/keypad.o
 .data.gpio_table
                0x00000000200000a0       0xdc ./Core/Src/Device/lcd.o
 .data.gpio_table
                0x000000002000017c      0x118 ./Core/Src/Device/tcd.o
 .data.huart2   0x0000000020000294       0x48 ./Core/Src/Hal/uart.o
                0x0000000020000294                huart2
 .data.huart3   0x00000000200002dc       0x48 ./Core/Src/Hal/uart.o
                0x00000000200002dc                huart3
 .data.huart4   0x0000000020000324       0x48 ./Core/Src/Hal/uart.o
                0x0000000020000324                huart4
 .data.SystemCoreClock
                0x000000002000036c        0x4 ./Core/Src/system_stm32f1xx.o
                0x000000002000036c                SystemCoreClock
 .data.uwTickPrio
                0x0000000020000370        0x4 ./Drivers/STM32F1xx_HAL_Driver/Src/stm32f1xx_hal.o
                0x0000000020000370                uwTickPrio
 .data.uwTickFreq
                0x0000000020000374        0x1 ./Drivers/STM32F1xx_HAL_Driver/Src/stm32f1xx_hal.o
                0x0000000020000374                uwTickFreq
 *(.RamFunc)
 *(.RamFunc*)
                0x0000000020000378                . = ALIGN (0x4)
 *fill*         0x0000000020000375        0x3 
                0x0000000020000378                _edata = .

.igot.plt       0x0000000020000378        0x0 load address 0x0000000008002b30
 .igot.plt      0x0000000020000378        0x0 /opt/st/stm32cubeide_1.10.1/plugins/com.st.stm32cube.ide.mcu.externaltools.gnu-tools-for-stm32.10.3-2021.10.linux64_1.0.0.202111181127/tools/bin/../lib/gcc/arm-none-eabi/10.3.1/thumb/v7-m/nofp/crtbegin.o
                0x0000000020000378                . = ALIGN (0x4)

.bss            0x0000000020000378     0x18a4 load address 0x0000000008002b30
                0x0000000020000378                _sbss = .
                0x0000000020000378                __bss_start__ = _sbss
 *(.bss)
 .bss           0x0000000020000378       0x1c /opt/st/stm32cubeide_1.10.1/plugins/com.st.stm32cube.ide.mcu.externaltools.gnu-tools-for-stm32.10.3-2021.10.linux64_1.0.0.202111181127/tools/bin/../lib/gcc/arm-none-eabi/10.3.1/thumb/v7-m/nofp/crtbegin.o
 *(.bss*)
 .bss.hi2c1     0x0000000020000394       0x54 ./Core/Src/Hal/i2c.o
                0x0000000020000394                hi2c1
 .bss.uart_buffer
                0x00000000200003e8     0x1830 ./Core/Src/Hal/uart.o
 .bss.uwTick    0x0000000020001c18        0x4 ./Drivers/STM32F1xx_HAL_Driver/Src/stm32f1xx_hal.o
                0x0000000020001c18                uwTick
 *(COMMON)
                0x0000000020001c1c                . = ALIGN (0x4)
                0x0000000020001c1c                _ebss = .
                0x0000000020001c1c                __bss_end__ = _ebss

._user_heap_stack
                0x0000000020001c1c      0x604 load address 0x0000000008002b30
                0x0000000020001c20                . = ALIGN (0x8)
 *fill*         0x0000000020001c1c        0x4 
                [!provide]                        PROVIDE (end = .)
                0x0000000020001c20                PROVIDE (_end = .)
                0x0000000020001e20                . = (. + _Min_Heap_Size)
 *fill*         0x0000000020001c20      0x200 
                0x0000000020002220                . = (. + _Min_Stack_Size)
 *fill*         0x0000000020001e20      0x400 
                0x0000000020002220                . = ALIGN (0x8)

/DISCARD/
 libc.a(*)
 libm.a(*)
 libgcc.a(*)

.ARM.attributes
                0x0000000000000000       0x29
 *(.ARM.attributes)
 .ARM.attributes
                0x0000000000000000       0x1d /opt/st/stm32cubeide_1.10.1/plugins/com.st.stm32cube.ide.mcu.externaltools.gnu-tools-for-stm32.10.3-2021.10.linux64_1.0.0.202111181127/tools/bin/../lib/gcc/arm-none-eabi/10.3.1/thumb/v7-m/nofp/crti.o
 .ARM.attributes
                0x000000000000001d       0x2d /opt/st/stm32cubeide_1.10.1/plugins/com.st.stm32cube.ide.mcu.externaltools.gnu-tools-for-stm32.10.3-2021.10.linux64_1.0.0.202111181127/tools/bin/../lib/gcc/arm-none-eabi/10.3.1/thumb/v7-m/nofp/crtbegin.o
 .ARM.attributes
                0x000000000000004a       0x2d ./Core/Lib/utils/utils_buffer.o
 .ARM.attributes
                0x0000000000000077       0x2d ./Core/Src/Device/bill_acceptor.o
 .ARM.attributes
                0x00000000000000a4       0x2d ./Core/Src/Device/eeprom.o
 .ARM.attributes
                0x00000000000000d1       0x2d ./Core/Src/Device/keypad.o
 .ARM.attributes
                0x00000000000000fe       0x2d ./Core/Src/Device/lcd.o
 .ARM.attributes
                0x000000000000012b       0x2d ./Core/Src/Device/tcd.o
 .ARM.attributes
                0x0000000000000158       0x2d ./Core/Src/Hal/clock.o
 .ARM.attributes
                0x0000000000000185       0x2d ./Core/Src/Hal/gpio.o
 .ARM.attributes
                0x00000000000001b2       0x2d ./Core/Src/Hal/i2c.o
 .ARM.attributes
                0x00000000000001df       0x2d ./Core/Src/Hal/uart.o
 .ARM.attributes
                0x000000000000020c       0x2d ./Core/Src/main.o
 .ARM.attributes
                0x0000000000000239       0x2d ./Core/Src/stm32f1xx_hal_msp.o
 .ARM.attributes
                0x0000000000000266       0x2d ./Core/Src/stm32f1xx_it.o
 .ARM.attributes
                0x0000000000000293       0x2d ./Core/Src/system_stm32f1xx.o
 .ARM.attributes
                0x00000000000002c0       0x21 ./Core/Startup/startup_stm32f103vctx.o
 .ARM.attributes
                0x00000000000002e1       0x2d ./Drivers/STM32F1xx_HAL_Driver/Src/stm32f1xx_hal.o
 .ARM.attributes
                0x000000000000030e       0x2d ./Drivers/STM32F1xx_HAL_Driver/Src/stm32f1xx_hal_cortex.o
 .ARM.attributes
                0x000000000000033b       0x2d ./Drivers/STM32F1xx_HAL_Driver/Src/stm32f1xx_hal_dma.o
 .ARM.attributes
                0x0000000000000368       0x2d ./Drivers/STM32F1xx_HAL_Driver/Src/stm32f1xx_hal_gpio.o
 .ARM.attributes
                0x0000000000000395       0x2d ./Drivers/STM32F1xx_HAL_Driver/Src/stm32f1xx_hal_i2c.o
 .ARM.attributes
                0x00000000000003c2       0x2d ./Drivers/STM32F1xx_HAL_Driver/Src/stm32f1xx_hal_rcc.o
 .ARM.attributes
                0x00000000000003ef       0x2d ./Drivers/STM32F1xx_HAL_Driver/Src/stm32f1xx_hal_uart.o
 .ARM.attributes
                0x000000000000041c       0x2d /opt/st/stm32cubeide_1.10.1/plugins/com.st.stm32cube.ide.mcu.externaltools.gnu-tools-for-stm32.10.3-2021.10.linux64_1.0.0.202111181127/tools/bin/../lib/gcc/arm-none-eabi/10.3.1/../../../../arm-none-eabi/lib/thumb/v7-m/nofp/libc_nano.a(lib_a-init.o)
 .ARM.attributes
                0x0000000000000449       0x2d /opt/st/stm32cubeide_1.10.1/plugins/com.st.stm32cube.ide.mcu.externaltools.gnu-tools-for-stm32.10.3-2021.10.linux64_1.0.0.202111181127/tools/bin/../lib/gcc/arm-none-eabi/10.3.1/../../../../arm-none-eabi/lib/thumb/v7-m/nofp/libc_nano.a(lib_a-memset.o)
 .ARM.attributes
                0x0000000000000476       0x1d /opt/st/stm32cubeide_1.10.1/plugins/com.st.stm32cube.ide.mcu.externaltools.gnu-tools-for-stm32.10.3-2021.10.linux64_1.0.0.202111181127/tools/bin/../lib/gcc/arm-none-eabi/10.3.1/thumb/v7-m/nofp/crtn.o
OUTPUT(card-vendor-103vct6.elf elf32-littlearm)
LOAD linker stubs
LOAD /opt/st/stm32cubeide_1.10.1/plugins/com.st.stm32cube.ide.mcu.externaltools.gnu-tools-for-stm32.10.3-2021.10.linux64_1.0.0.202111181127/tools/bin/../lib/gcc/arm-none-eabi/10.3.1/../../../../arm-none-eabi/lib/thumb/v7-m/nofp/libc.a
LOAD /opt/st/stm32cubeide_1.10.1/plugins/com.st.stm32cube.ide.mcu.externaltools.gnu-tools-for-stm32.10.3-2021.10.linux64_1.0.0.202111181127/tools/bin/../lib/gcc/arm-none-eabi/10.3.1/../../../../arm-none-eabi/lib/thumb/v7-m/nofp/libm.a
LOAD /opt/st/stm32cubeide_1.10.1/plugins/com.st.stm32cube.ide.mcu.externaltools.gnu-tools-for-stm32.10.3-2021.10.linux64_1.0.0.202111181127/tools/bin/../lib/gcc/arm-none-eabi/10.3.1/thumb/v7-m/nofp/libgcc.a

.debug_info     0x0000000000000000     0xbe03
 .debug_info    0x0000000000000000      0x348 ./Core/Lib/utils/utils_buffer.o
 .debug_info    0x0000000000000348       0xdd ./Core/Src/Device/bill_acceptor.o
 .debug_info    0x0000000000000425      0x16d ./Core/Src/Device/eeprom.o
 .debug_info    0x0000000000000592      0x377 ./Core/Src/Device/keypad.o
 .debug_info    0x0000000000000909      0x347 ./Core/Src/Device/lcd.o
 .debug_info    0x0000000000000c50      0x4e0 ./Core/Src/Device/tcd.o
 .debug_info    0x0000000000001130      0x26b ./Core/Src/Hal/clock.o
 .debug_info    0x000000000000139b      0x1ed ./Core/Src/Hal/gpio.o
 .debug_info    0x0000000000001588      0x78e ./Core/Src/Hal/i2c.o
 .debug_info    0x0000000000001d16      0x6f4 ./Core/Src/Hal/uart.o
 .debug_info    0x000000000000240a      0x1a9 ./Core/Src/main.o
 .debug_info    0x00000000000025b3      0xd88 ./Core/Src/stm32f1xx_hal_msp.o
 .debug_info    0x000000000000333b      0x678 ./Core/Src/stm32f1xx_it.o
 .debug_info    0x00000000000039b3      0x23d ./Core/Src/system_stm32f1xx.o
 .debug_info    0x0000000000003bf0       0x22 ./Core/Startup/startup_stm32f103vctx.o
 .debug_info    0x0000000000003c12      0x79a ./Drivers/STM32F1xx_HAL_Driver/Src/stm32f1xx_hal.o
 .debug_info    0x00000000000043ac      0xb86 ./Drivers/STM32F1xx_HAL_Driver/Src/stm32f1xx_hal_cortex.o
 .debug_info    0x0000000000004f32      0x744 ./Drivers/STM32F1xx_HAL_Driver/Src/stm32f1xx_hal_dma.o
 .debug_info    0x0000000000005676      0x615 ./Drivers/STM32F1xx_HAL_Driver/Src/stm32f1xx_hal_gpio.o
 .debug_info    0x0000000000005c8b     0x2761 ./Drivers/STM32F1xx_HAL_Driver/Src/stm32f1xx_hal_i2c.o
 .debug_info    0x00000000000083ec      0x865 ./Drivers/STM32F1xx_HAL_Driver/Src/stm32f1xx_hal_rcc.o
 .debug_info    0x0000000000008c51     0x31b2 ./Drivers/STM32F1xx_HAL_Driver/Src/stm32f1xx_hal_uart.o

.debug_abbrev   0x0000000000000000     0x2208
 .debug_abbrev  0x0000000000000000      0x157 ./Core/Lib/utils/utils_buffer.o
 .debug_abbrev  0x0000000000000157       0x47 ./Core/Src/Device/bill_acceptor.o
 .debug_abbrev  0x000000000000019e       0x8e ./Core/Src/Device/eeprom.o
 .debug_abbrev  0x000000000000022c      0x19d ./Core/Src/Device/keypad.o
 .debug_abbrev  0x00000000000003c9      0x1a6 ./Core/Src/Device/lcd.o
 .debug_abbrev  0x000000000000056f      0x1c6 ./Core/Src/Device/tcd.o
 .debug_abbrev  0x0000000000000735       0xee ./Core/Src/Hal/clock.o
 .debug_abbrev  0x0000000000000823       0xc4 ./Core/Src/Hal/gpio.o
 .debug_abbrev  0x00000000000008e7      0x185 ./Core/Src/Hal/i2c.o
 .debug_abbrev  0x0000000000000a6c      0x19e ./Core/Src/Hal/uart.o
 .debug_abbrev  0x0000000000000c0a       0xf4 ./Core/Src/main.o
 .debug_abbrev  0x0000000000000cfe      0x1a7 ./Core/Src/stm32f1xx_hal_msp.o
 .debug_abbrev  0x0000000000000ea5      0x166 ./Core/Src/stm32f1xx_it.o
 .debug_abbrev  0x000000000000100b      0x13b ./Core/Src/system_stm32f1xx.o
 .debug_abbrev  0x0000000000001146       0x12 ./Core/Startup/startup_stm32f103vctx.o
 .debug_abbrev  0x0000000000001158      0x1fb ./Drivers/STM32F1xx_HAL_Driver/Src/stm32f1xx_hal.o
 .debug_abbrev  0x0000000000001353      0x2ed ./Drivers/STM32F1xx_HAL_Driver/Src/stm32f1xx_hal_cortex.o
 .debug_abbrev  0x0000000000001640      0x1fe ./Drivers/STM32F1xx_HAL_Driver/Src/stm32f1xx_hal_dma.o
 .debug_abbrev  0x000000000000183e      0x1bb ./Drivers/STM32F1xx_HAL_Driver/Src/stm32f1xx_hal_gpio.o
 .debug_abbrev  0x00000000000019f9      0x288 ./Drivers/STM32F1xx_HAL_Driver/Src/stm32f1xx_hal_i2c.o
 .debug_abbrev  0x0000000000001c81      0x2a8 ./Drivers/STM32F1xx_HAL_Driver/Src/stm32f1xx_hal_rcc.o
 .debug_abbrev  0x0000000000001f29      0x2df ./Drivers/STM32F1xx_HAL_Driver/Src/stm32f1xx_hal_uart.o

.debug_aranges  0x0000000000000000      0xb38
 .debug_aranges
                0x0000000000000000       0x50 ./Core/Lib/utils/utils_buffer.o
 .debug_aranges
                0x0000000000000050       0x38 ./Core/Src/Device/bill_acceptor.o
 .debug_aranges
                0x0000000000000088       0x30 ./Core/Src/Device/eeprom.o
 .debug_aranges
                0x00000000000000b8       0x30 ./Core/Src/Device/keypad.o
 .debug_aranges
                0x00000000000000e8       0x38 ./Core/Src/Device/lcd.o
 .debug_aranges
                0x0000000000000120       0x58 ./Core/Src/Device/tcd.o
 .debug_aranges
                0x0000000000000178       0x20 ./Core/Src/Hal/clock.o
 .debug_aranges
                0x0000000000000198       0x20 ./Core/Src/Hal/gpio.o
 .debug_aranges
                0x00000000000001b8       0x38 ./Core/Src/Hal/i2c.o
 .debug_aranges
                0x00000000000001f0       0x20 ./Core/Src/Hal/uart.o
 .debug_aranges
                0x0000000000000210       0x28 ./Core/Src/main.o
 .debug_aranges
                0x0000000000000238       0x40 ./Core/Src/stm32f1xx_hal_msp.o
 .debug_aranges
                0x0000000000000278       0x78 ./Core/Src/stm32f1xx_it.o
 .debug_aranges
                0x00000000000002f0       0x28 ./Core/Src/system_stm32f1xx.o
 .debug_aranges
                0x0000000000000318       0x28 ./Core/Startup/startup_stm32f103vctx.o
 .debug_aranges
                0x0000000000000340       0xe0 ./Drivers/STM32F1xx_HAL_Driver/Src/stm32f1xx_hal.o
 .debug_aranges
                0x0000000000000420      0x100 ./Drivers/STM32F1xx_HAL_Driver/Src/stm32f1xx_hal_cortex.o
 .debug_aranges
                0x0000000000000520       0x80 ./Drivers/STM32F1xx_HAL_Driver/Src/stm32f1xx_hal_dma.o
 .debug_aranges
                0x00000000000005a0       0x58 ./Drivers/STM32F1xx_HAL_Driver/Src/stm32f1xx_hal_gpio.o
 .debug_aranges
                0x00000000000005f8      0x2a8 ./Drivers/STM32F1xx_HAL_Driver/Src/stm32f1xx_hal_i2c.o
 .debug_aranges
                0x00000000000008a0       0x90 ./Drivers/STM32F1xx_HAL_Driver/Src/stm32f1xx_hal_rcc.o
 .debug_aranges
                0x0000000000000930      0x208 ./Drivers/STM32F1xx_HAL_Driver/Src/stm32f1xx_hal_uart.o

.debug_ranges   0x0000000000000000      0xa28
 .debug_ranges  0x0000000000000000       0x40 ./Core/Lib/utils/utils_buffer.o
 .debug_ranges  0x0000000000000040       0x28 ./Core/Src/Device/bill_acceptor.o
 .debug_ranges  0x0000000000000068       0x20 ./Core/Src/Device/eeprom.o
 .debug_ranges  0x0000000000000088       0x20 ./Core/Src/Device/keypad.o
 .debug_ranges  0x00000000000000a8       0x28 ./Core/Src/Device/lcd.o
 .debug_ranges  0x00000000000000d0       0x48 ./Core/Src/Device/tcd.o
 .debug_ranges  0x0000000000000118       0x10 ./Core/Src/Hal/clock.o
 .debug_ranges  0x0000000000000128       0x10 ./Core/Src/Hal/gpio.o
 .debug_ranges  0x0000000000000138       0x28 ./Core/Src/Hal/i2c.o
 .debug_ranges  0x0000000000000160       0x10 ./Core/Src/Hal/uart.o
 .debug_ranges  0x0000000000000170       0x18 ./Core/Src/main.o
 .debug_ranges  0x0000000000000188       0x30 ./Core/Src/stm32f1xx_hal_msp.o
 .debug_ranges  0x00000000000001b8       0x68 ./Core/Src/stm32f1xx_it.o
 .debug_ranges  0x0000000000000220       0x18 ./Core/Src/system_stm32f1xx.o
 .debug_ranges  0x0000000000000238       0x20 ./Core/Startup/startup_stm32f103vctx.o
 .debug_ranges  0x0000000000000258       0xd0 ./Drivers/STM32F1xx_HAL_Driver/Src/stm32f1xx_hal.o
 .debug_ranges  0x0000000000000328       0xf0 ./Drivers/STM32F1xx_HAL_Driver/Src/stm32f1xx_hal_cortex.o
 .debug_ranges  0x0000000000000418       0x70 ./Drivers/STM32F1xx_HAL_Driver/Src/stm32f1xx_hal_dma.o
 .debug_ranges  0x0000000000000488       0x48 ./Drivers/STM32F1xx_HAL_Driver/Src/stm32f1xx_hal_gpio.o
 .debug_ranges  0x00000000000004d0      0x2b0 ./Drivers/STM32F1xx_HAL_Driver/Src/stm32f1xx_hal_i2c.o
 .debug_ranges  0x0000000000000780       0x80 ./Drivers/STM32F1xx_HAL_Driver/Src/stm32f1xx_hal_rcc.o
 .debug_ranges  0x0000000000000800      0x228 ./Drivers/STM32F1xx_HAL_Driver/Src/stm32f1xx_hal_uart.o

.debug_macro    0x0000000000000000     0x32ad
 .debug_macro   0x0000000000000000      0x20a ./Core/Lib/utils/utils_buffer.o
 .debug_macro   0x000000000000020a       0x16 ./Core/Lib/utils/utils_buffer.o
 .debug_macro   0x0000000000000220       0x20 ./Core/Lib/utils/utils_buffer.o
 .debug_macro   0x0000000000000240      0x314 ./Core/Src/Device/bill_acceptor.o
 .debug_macro   0x0000000000000554      0x314 ./Core/Src/Device/eeprom.o
 .debug_macro   0x0000000000000868      0x31e ./Core/Src/Device/keypad.o
 .debug_macro   0x0000000000000b86      0x31e ./Core/Src/Device/lcd.o
 .debug_macro   0x0000000000000ea4      0x324 ./Core/Src/Device/tcd.o
 .debug_macro   0x00000000000011c8      0x314 ./Core/Src/Hal/clock.o
 .debug_macro   0x00000000000014dc      0x31a ./Core/Src/Hal/gpio.o
 .debug_macro   0x00000000000017f6      0x31a ./Core/Src/Hal/i2c.o
 .debug_macro   0x0000000000001b10      0x31d ./Core/Src/Hal/uart.o
 .debug_macro   0x0000000000001e2d      0x362 ./Core/Src/main.o
 .debug_macro   0x000000000000218f       0x10 ./Core/Src/main.o
 .debug_macro   0x000000000000219f       0x10 ./Core/Src/main.o
 .debug_macro   0x00000000000021af      0x1a2 ./Core/Src/stm32f1xx_hal_msp.o
 .debug_macro   0x0000000000002351      0x1ac ./Core/Src/stm32f1xx_it.o
 .debug_macro   0x00000000000024fd      0x198 ./Core/Src/system_stm32f1xx.o
 .debug_macro   0x0000000000002695      0x1bc ./Drivers/STM32F1xx_HAL_Driver/Src/stm32f1xx_hal.o
 .debug_macro   0x0000000000002851      0x198 ./Drivers/STM32F1xx_HAL_Driver/Src/stm32f1xx_hal_cortex.o
 .debug_macro   0x00000000000029e9      0x198 ./Drivers/STM32F1xx_HAL_Driver/Src/stm32f1xx_hal_dma.o
 .debug_macro   0x0000000000002b81      0x203 ./Drivers/STM32F1xx_HAL_Driver/Src/stm32f1xx_hal_gpio.o
 .debug_macro   0x0000000000002d84      0x1e6 ./Drivers/STM32F1xx_HAL_Driver/Src/stm32f1xx_hal_i2c.o
 .debug_macro   0x0000000000002f6a      0x1aa ./Drivers/STM32F1xx_HAL_Driver/Src/stm32f1xx_hal_rcc.o
 .debug_macro   0x0000000000003114      0x199 ./Drivers/STM32F1xx_HAL_Driver/Src/stm32f1xx_hal_uart.o

.debug_line     0x0000000000000000    0x113c8
 .debug_line    0x0000000000000000      0x756 ./Core/Lib/utils/utils_buffer.o
 .debug_line    0x0000000000000756      0x882 ./Core/Src/Device/bill_acceptor.o
 .debug_line    0x0000000000000fd8      0x85d ./Core/Src/Device/eeprom.o
 .debug_line    0x0000000000001835      0x90a ./Core/Src/Device/keypad.o
 .debug_line    0x000000000000213f      0x8b2 ./Core/Src/Device/lcd.o
 .debug_line    0x00000000000029f1      0xa12 ./Core/Src/Device/tcd.o
 .debug_line    0x0000000000003403      0x859 ./Core/Src/Hal/clock.o
 .debug_line    0x0000000000003c5c      0x829 ./Core/Src/Hal/gpio.o
 .debug_line    0x0000000000004485      0x8be ./Core/Src/Hal/i2c.o
 .debug_line    0x0000000000004d43      0x96e ./Core/Src/Hal/uart.o
 .debug_line    0x00000000000056b1      0x8c6 ./Core/Src/main.o
 .debug_line    0x0000000000005f77      0x74a ./Core/Src/stm32f1xx_hal_msp.o
 .debug_line    0x00000000000066c1      0x73e ./Core/Src/stm32f1xx_it.o
 .debug_line    0x0000000000006dff      0x6b2 ./Core/Src/system_stm32f1xx.o
 .debug_line    0x00000000000074b1       0x87 ./Core/Startup/startup_stm32f103vctx.o
 .debug_line    0x0000000000007538      0x8df ./Drivers/STM32F1xx_HAL_Driver/Src/stm32f1xx_hal.o
 .debug_line    0x0000000000007e17      0xac7 ./Drivers/STM32F1xx_HAL_Driver/Src/stm32f1xx_hal_cortex.o
 .debug_line    0x00000000000088de     0x120a ./Drivers/STM32F1xx_HAL_Driver/Src/stm32f1xx_hal_dma.o
 .debug_line    0x0000000000009ae8      0x9a0 ./Drivers/STM32F1xx_HAL_Driver/Src/stm32f1xx_hal_gpio.o
 .debug_line    0x000000000000a488     0x3a45 ./Drivers/STM32F1xx_HAL_Driver/Src/stm32f1xx_hal_i2c.o
 .debug_line    0x000000000000decd      0xceb ./Drivers/STM32F1xx_HAL_Driver/Src/stm32f1xx_hal_rcc.o
 .debug_line    0x000000000000ebb8     0x2810 ./Drivers/STM32F1xx_HAL_Driver/Src/stm32f1xx_hal_uart.o

.debug_str      0x0000000000000000    0x93109
 .debug_str     0x0000000000000000     0x7c43 ./Core/Lib/utils/utils_buffer.o
                                       0x7e4a (size before relaxing)
 .debug_str     0x0000000000007c43    0x882d2 ./Core/Src/Device/bill_acceptor.o
                                      0x90150 (size before relaxing)
 .debug_str     0x000000000008ff15       0x6b ./Core/Src/Device/eeprom.o
                                      0x9015c (size before relaxing)
 .debug_str     0x000000000008ff80      0x185 ./Core/Src/Device/keypad.o
                                      0x9028c (size before relaxing)
 .debug_str     0x0000000000090105       0xbb ./Core/Src/Device/lcd.o
                                      0x9023a (size before relaxing)
 .debug_str     0x00000000000901c0      0x19e ./Core/Src/Device/tcd.o
                                      0x9035e (size before relaxing)
 .debug_str     0x000000000009035e      0x1ab ./Core/Src/Hal/clock.o
                                      0x90281 (size before relaxing)
 .debug_str     0x0000000000090509       0x78 ./Core/Src/Hal/gpio.o
                                      0x9015f (size before relaxing)
 .debug_str     0x0000000000090581      0x489 ./Core/Src/Hal/i2c.o
                                      0x90659 (size before relaxing)
 .debug_str     0x0000000000090a0a      0x24f ./Core/Src/Hal/uart.o
                                      0x905f8 (size before relaxing)
 .debug_str     0x0000000000090c59       0x2a ./Core/Src/main.o
                                      0x9026d (size before relaxing)
 .debug_str     0x0000000000090c83      0x3df ./Core/Src/stm32f1xx_hal_msp.o
                                      0x8ced3 (size before relaxing)
 .debug_str     0x0000000000091062      0x112 ./Core/Src/stm32f1xx_it.o
                                      0x8c866 (size before relaxing)
 .debug_str     0x0000000000091174       0x7e ./Core/Src/system_stm32f1xx.o
                                      0x8c410 (size before relaxing)
 .debug_str     0x00000000000911f2       0x36 ./Core/Startup/startup_stm32f103vctx.o
                                         0x7e (size before relaxing)
 .debug_str     0x0000000000091228      0x38e ./Drivers/STM32F1xx_HAL_Driver/Src/stm32f1xx_hal.o
                                      0x8cc27 (size before relaxing)
 .debug_str     0x00000000000915b6      0x29e ./Drivers/STM32F1xx_HAL_Driver/Src/stm32f1xx_hal_cortex.o
                                      0x8cb73 (size before relaxing)
 .debug_str     0x0000000000091854      0x23a ./Drivers/STM32F1xx_HAL_Driver/Src/stm32f1xx_hal_dma.o
                                      0x8c7b9 (size before relaxing)
 .debug_str     0x0000000000091a8e      0x2f4 ./Drivers/STM32F1xx_HAL_Driver/Src/stm32f1xx_hal_gpio.o
                                      0x8c796 (size before relaxing)
 .debug_str     0x0000000000091d82      0xb84 ./Drivers/STM32F1xx_HAL_Driver/Src/stm32f1xx_hal_i2c.o
                                      0x8d4d7 (size before relaxing)
 .debug_str     0x0000000000092906      0x209 ./Drivers/STM32F1xx_HAL_Driver/Src/stm32f1xx_hal_rcc.o
                                      0x8c83f (size before relaxing)
 .debug_str     0x0000000000092b0f      0x5fa ./Drivers/STM32F1xx_HAL_Driver/Src/stm32f1xx_hal_uart.o
                                      0x8ceb0 (size before relaxing)

.comment        0x0000000000000000       0x50
 .comment       0x0000000000000000       0x50 ./Core/Lib/utils/utils_buffer.o
                                         0x51 (size before relaxing)
 .comment       0x0000000000000050       0x51 ./Core/Src/Device/bill_acceptor.o
 .comment       0x0000000000000050       0x51 ./Core/Src/Device/eeprom.o
 .comment       0x0000000000000050       0x51 ./Core/Src/Device/keypad.o
 .comment       0x0000000000000050       0x51 ./Core/Src/Device/lcd.o
 .comment       0x0000000000000050       0x51 ./Core/Src/Device/tcd.o
 .comment       0x0000000000000050       0x51 ./Core/Src/Hal/clock.o
 .comment       0x0000000000000050       0x51 ./Core/Src/Hal/gpio.o
 .comment       0x0000000000000050       0x51 ./Core/Src/Hal/i2c.o
 .comment       0x0000000000000050       0x51 ./Core/Src/Hal/uart.o
 .comment       0x0000000000000050       0x51 ./Core/Src/main.o
 .comment       0x0000000000000050       0x51 ./Core/Src/stm32f1xx_hal_msp.o
 .comment       0x0000000000000050       0x51 ./Core/Src/stm32f1xx_it.o
 .comment       0x0000000000000050       0x51 ./Core/Src/system_stm32f1xx.o
 .comment       0x0000000000000050       0x51 ./Drivers/STM32F1xx_HAL_Driver/Src/stm32f1xx_hal.o
 .comment       0x0000000000000050       0x51 ./Drivers/STM32F1xx_HAL_Driver/Src/stm32f1xx_hal_cortex.o
 .comment       0x0000000000000050       0x51 ./Drivers/STM32F1xx_HAL_Driver/Src/stm32f1xx_hal_dma.o
 .comment       0x0000000000000050       0x51 ./Drivers/STM32F1xx_HAL_Driver/Src/stm32f1xx_hal_gpio.o
 .comment       0x0000000000000050       0x51 ./Drivers/STM32F1xx_HAL_Driver/Src/stm32f1xx_hal_i2c.o
 .comment       0x0000000000000050       0x51 ./Drivers/STM32F1xx_HAL_Driver/Src/stm32f1xx_hal_rcc.o
 .comment       0x0000000000000050       0x51 ./Drivers/STM32F1xx_HAL_Driver/Src/stm32f1xx_hal_uart.o

.debug_frame    0x0000000000000000     0x2b4c
 .debug_frame   0x0000000000000000      0x118 ./Core/Lib/utils/utils_buffer.o
 .debug_frame   0x0000000000000118       0x90 ./Core/Src/Device/bill_acceptor.o
 .debug_frame   0x00000000000001a8       0x80 ./Core/Src/Device/eeprom.o
 .debug_frame   0x0000000000000228       0x80 ./Core/Src/Device/keypad.o
 .debug_frame   0x00000000000002a8       0xa4 ./Core/Src/Device/lcd.o
 .debug_frame   0x000000000000034c      0x12c ./Core/Src/Device/tcd.o
 .debug_frame   0x0000000000000478       0x34 ./Core/Src/Hal/clock.o
 .debug_frame   0x00000000000004ac       0x38 ./Core/Src/Hal/gpio.o
 .debug_frame   0x00000000000004e4       0x98 ./Core/Src/Hal/i2c.o
 .debug_frame   0x000000000000057c       0x34 ./Core/Src/Hal/uart.o
 .debug_frame   0x00000000000005b0       0x44 ./Core/Src/main.o
 .debug_frame   0x00000000000005f4       0xc8 ./Core/Src/stm32f1xx_hal_msp.o
 .debug_frame   0x00000000000006bc      0x158 ./Core/Src/stm32f1xx_it.o
 .debug_frame   0x0000000000000814       0x58 ./Core/Src/system_stm32f1xx.o
 .debug_frame   0x000000000000086c      0x334 ./Drivers/STM32F1xx_HAL_Driver/Src/stm32f1xx_hal.o
 .debug_frame   0x0000000000000ba0      0x428 ./Drivers/STM32F1xx_HAL_Driver/Src/stm32f1xx_hal_cortex.o
 .debug_frame   0x0000000000000fc8      0x20c ./Drivers/STM32F1xx_HAL_Driver/Src/stm32f1xx_hal_dma.o
 .debug_frame   0x00000000000011d4      0x14c ./Drivers/STM32F1xx_HAL_Driver/Src/stm32f1xx_hal_gpio.o
 .debug_frame   0x0000000000001320      0xc84 ./Drivers/STM32F1xx_HAL_Driver/Src/stm32f1xx_hal_i2c.o
 .debug_frame   0x0000000000001fa4      0x218 ./Drivers/STM32F1xx_HAL_Driver/Src/stm32f1xx_hal_rcc.o
 .debug_frame   0x00000000000021bc      0x944 ./Drivers/STM32F1xx_HAL_Driver/Src/stm32f1xx_hal_uart.o
 .debug_frame   0x0000000000002b00       0x2c /opt/st/stm32cubeide_1.10.1/plugins/com.st.stm32cube.ide.mcu.externaltools.gnu-tools-for-stm32.10.3-2021.10.linux64_1.0.0.202111181127/tools/bin/../lib/gcc/arm-none-eabi/10.3.1/../../../../arm-none-eabi/lib/thumb/v7-m/nofp/libc_nano.a(lib_a-init.o)
 .debug_frame   0x0000000000002b2c       0x20 /opt/st/stm32cubeide_1.10.1/plugins/com.st.stm32cube.ide.mcu.externaltools.gnu-tools-for-stm32.10.3-2021.10.linux64_1.0.0.202111181127/tools/bin/../lib/gcc/arm-none-eabi/10.3.1/../../../../arm-none-eabi/lib/thumb/v7-m/nofp/libc_nano.a(lib_a-memset.o)
