../Core/Lib/netif/src/apps/netif_mqtt.c:78:16:netif_mqtt_init	8	static
../Core/Lib/netif/src/apps/netif_mqtt.c:88:16:netif_mqtt_run	16	static
../Core/Lib/netif/src/apps/netif_mqtt.c:174:16:netif_mqtt_deinit	8	static
../Core/Lib/netif/src/apps/netif_mqtt.c:188:16:netif_mqtt_config	24	static
../Core/Lib/netif/src/apps/netif_mqtt.c:213:16:netif_mqtt_connect	24	static
../Core/Lib/netif/src/apps/netif_mqtt.c:235:16:netif_mqtt_disconnect	24	static
../Core/Lib/netif/src/apps/netif_mqtt.c:260:16:netif_mqtt_subcribe	32	static
../Core/Lib/netif/src/apps/netif_mqtt.c:284:16:netif_mqtt_unsubcribe	24	static
../Core/Lib/netif/src/apps/netif_mqtt.c:312:16:netif_mqtt_publish	40	static
../Core/Lib/netif/src/apps/netif_mqtt.c:335:16:netif_mqtt_is_connected	16	static
../Core/Lib/netif/src/apps/netif_mqtt.c:350:23:netif_wifi_ethernet_mqtt_config	32	static
../Core/Lib/netif/src/apps/netif_mqtt.c:408:23:netif_wifi_ethernet_mqtt_connect	32	static
../Core/Lib/netif/src/apps/netif_mqtt.c:466:23:netif_wifi_ethernet_mqtt_disconnect	24	static
../Core/Lib/netif/src/apps/netif_mqtt.c:523:23:netif_wifi_ethernet_mqtt_subcribe	32	static
../Core/Lib/netif/src/apps/netif_mqtt.c:580:23:netif_wifi_ethernet_mqtt_unsubcribe	24	static
../Core/Lib/netif/src/apps/netif_mqtt.c:642:23:netif_wifi_ethernet_mqtt_publish	40	static
../Core/Lib/netif/src/apps/netif_mqtt.c:732:23:netif_4g_mqtt_config	24	static
../Core/Lib/netif/src/apps/netif_mqtt.c:806:23:netif_4g_mqtt_connect	48	static
../Core/Lib/netif/src/apps/netif_mqtt.c:865:23:netif_4g_mqtt_disconnect	24	static
../Core/Lib/netif/src/apps/netif_mqtt.c:923:23:netif_4g_mqtt_subcribe	32	static
../Core/Lib/netif/src/apps/netif_mqtt.c:1003:23:netif_4g_mqtt_unsubcribe	24	static
../Core/Lib/netif/src/apps/netif_mqtt.c:1087:23:netif_4g_mqtt_publish	40	static
../Core/Lib/netif/src/apps/netif_mqtt.c:1232:13:netif_wifi_ethernet_mqtt_parse_on_message	16	static
../Core/Lib/netif/src/apps/netif_mqtt.c:1286:13:netif_4g_mqtt_parse_on_message	16	static
