../Core/Lib/netif/src/manager/netif_manager.c:33:16:netif_manager_init	8	static
../Core/Lib/netif/src/manager/netif_manager.c:54:16:netif_manager_run	8	static
../Core/Lib/netif/src/manager/netif_manager.c:82:16:netif_manager_deinit	4	static
../Core/Lib/netif/src/manager/netif_manager.c:93:16:netif_manager_is_connect_to_internet	16	static
../Core/Lib/netif/src/manager/netif_manager.c:107:16:netif_manager_is_4g_mode	16	static
../Core/Lib/netif/src/manager/netif_manager.c:122:16:netif_manager_is_ethernet_mode	16	static
../Core/Lib/netif/src/manager/netif_manager.c:136:16:netif_manager_is_wifi_mode	16	static
../Core/Lib/netif/src/manager/netif_manager.c:151:22:netif_manager_get_mode	4	static
../Core/Lib/netif/src/manager/netif_manager.c:175:13:netif_manager_disconnect_mode	16	static
../Core/Lib/netif/src/manager/netif_manager.c:293:13:netif_manager_4g_mode	16	static
../Core/Lib/netif/src/manager/netif_manager.c:328:13:netif_manager_ethernet_mode	16	static
../Core/Lib/netif/src/manager/netif_manager.c:368:13:netif_manager_wifi_mode	16	static
